// Jest Snapshot v1, https://goo.gl/fbAQLP

exports[`Tests on the <GifGridItem /> component should show the component correctly 1`] = `
<div
  className="card animate__animated animate__backInLeft"
  key="123"
>
  <img
    alt="Title"
    src="http://localhost/something.jpg"
  />
  <p>
    Title
  </p>
</div>
`;
